// Jest Snapshot v1, https://goo.gl/fbAQLP

exports[`clicking button increments counter dispay 1`] = `ShallowWrapper {}`;
